Postcss Summary:
AST Parsed: 0/30 (0.00%)
Except to Parse: "empty.css"
Except to Parse: "comments.css"
Except to Parse: "important.css"
Except to Parse: "apply.css"
Except to Parse: "function.css"
Except to Parse: "tab.css"
Except to Parse: "rule-no-semicolon.css"
Except to Parse: "extends.css"
Except to Parse: "no-selector.css"
Except to Parse: "inside.css"
Except to Parse: "decls.css"
Except to Parse: "semicolons.css"
Except to Parse: "selector.css"
Except to Parse: "raw-decl.css"
Except to Parse: "ie-progid.css"
Except to Parse: "atrule-rules.css"
Except to Parse: "custom-properties.css"
Except to Parse: "escape.css"
Except to Parse: "atrule-decls.css"
Except to Parse: "at-rule-brackets.css"
Except to Parse: "atrule-no-semicolon.css"
Except to Parse: "quotes.css"
Except to Parse: "atrule-empty.css"
Except to Parse: "atrule-no-params.css"
Except to Parse: "colon-selector.css"
Except to Parse: "prop.css"
Except to Parse: "atrule-params.css"
Except to Parse: "atrule-no-space.css"
Except to Parse: "between.css"
Except to Parse: "rule-at.css"
